** Mapping template for UNIMapper **********************************************
** Written by Daniele Dell'Aquila (ddellaquila@uniss.it)
** Short guide *****************************************************************
**** To define a new detector: define detector DetType "name" options
**** To map a single detector channel to a given gid channel: map DetName ChName detector="SingleDetName" gid="gidnumber" channel="ch"
**
** Possible DetType values: DSSSD, SSSSD, LampWedge, SiliconPad, Spare, SiliconHodoscope
** possible options are specified below for each possible detector
** Examples: *************************************
** define detector DSSSD "T1" NumStrips
** define detector SSSSD "T2" NumStrips
** define detector LampWedge "W1" NumStrips
** define detector SiliconPad "P1"
** define detector SiliconHodoscope "H1" NumPads
** define detector Spare "triggers" QUANTITY1 QUANTITY2 ... QUANTITYN
**************************************************
**
** Possible values of ChName for each detector:
** DSSSD: ENERGYBACK ENERGYFRONT TIMEFRONT TIMEBACK
** SSSSD: ENERGY TIME
** LampWedge: ENERGY TIME
** SiliconPad: ENERGY TIME (for SiliconPad, in the "map" command, detector is always equal to 0)
** SiliconHodoscope: ENERGY TIME
** Spare: QUANTITY1 QUANTITY2 ... QUANTITYN (in the "map" command, detector is always equal to 0)
********************************************************************************
define detector SiliconPad "E30"
define detector SiliconPad "E50"
define detector SiliconPad "E130"
define detector SiliconPad "E150"
define detector SiliconPad "E160"
define detector SiliconPad "E140"
define detector SiliconPad "E120"
define detector SiliconPad "E60"
define detector SiliconPad "E40"
define detector SiliconPad "E70"
define detector SiliconPad "DE40"

map E30 ENERGY detector="0" gid="1" channel="0"
map E50 ENERGY detector="0" gid="1" channel="1"
map E70 ENERGY detector="0" gid="1" channel="2"
map E130 ENERGY detector="0" gid="1" channel="3"
map E150 ENERGY detector="0" gid="1" channel="4"
map E160 ENERGY detector="0" gid="1" channel="18"
map E140 ENERGY detector="0" gid="1" channel="6"
map E120 ENERGY detector="0" gid="1" channel="7"
map E60 ENERGY detector="0" gid="1" channel="8"
map E40 ENERGY detector="0" gid="1" channel="17"
map DE40 ENERGY detector="0" gid="1" channel="16"
