** Mapping for experiment 20Ne+4He at INFN-LNL (2016) **
** Written by Daniele Dell'Aquila (daniele.dellaquila@irb.hr)
** Short guide *****************************************************************
**** To define a new detector: define detector DetType "name" options
**** To map a single detector channel to a given gid channel: map DetName ChName detector="SingleDetName" gid="gidnumber" channel="ch"
**
** Possible DetType values: DSSSD, SSSSD, LampWedge, SiliconPad, Spare
** possible options are specified below for each possible detector
** Examples: *************************************
** define detector DSSSD "T1" NumStrips
** define detector SSSSD "T2" NumStrips
** define detector LampWedge "W1" NumStrips
** define detector SiliconPad "P1"
** define detector Spare "triggers" QUANTITY1 QUANTITY2 ... QUANTITYN
**************************************************
**
** Possible values of ChName for each detector:
** DSSSD: ENERGYFRONT ENERGYBACK TIMEFRONT TIMEBACK
** SSSSD: ENERGY TIME
** LampWedge: ENERGY TIME
** SiliconPad: ENERGY TIME (for SiliconPad, in the "map" command, detector is always equal to 0)
** Spare: QUANTITY1 QUANTITY2 ... QUANTITYN (in the "map" command, detector is always equal to 0)
********************************************************************************

** detectors definition
define detector DSSSD "A" 16
define detector DSSSD "B" 16
define detector DSSSD "C" 16
define detector DSSSD "D" 16
define detector DSSSD "E" 16
define detector DSSSD "F" 16
define detector SiliconPad "pad_A"
define detector SiliconPad "pad_B"
define detector SiliconPad "pad_C"
define detector SiliconPad "pad_D"
define detector SiliconPad "pad_E"
define detector SiliconPad "pad_F"
define detector Spare "triggers" TAC

** detector mapping for T1
map A ENERGYFRONT detector="0"   gid="32"  channel="0"
map A ENERGYFRONT detector="1"   gid="32"  channel="1"
map A ENERGYFRONT detector="2"   gid="32"  channel="2"
map A ENERGYFRONT detector="3"   gid="32"  channel="3"
map A ENERGYFRONT detector="4"   gid="32"  channel="4"
map A ENERGYFRONT detector="5"   gid="32"  channel="5"
map A ENERGYFRONT detector="6"   gid="32"  channel="6"
map A ENERGYFRONT detector="7"   gid="32"  channel="7"
map A ENERGYFRONT detector="8"   gid="32"  channel="8"
map A ENERGYFRONT detector="9"   gid="32"  channel="9"
map A ENERGYFRONT detector="10"  gid="32"  channel="10"
map A ENERGYFRONT detector="11"  gid="32"  channel="11"
map A ENERGYFRONT detector="12"  gid="32"  channel="12"
map A ENERGYFRONT detector="13"  gid="32"  channel="13"
map A ENERGYFRONT detector="14"  gid="32"  channel="14"
map A ENERGYFRONT detector="15"  gid="32"  channel="15"
map A ENERGYBACK  detector="0"   gid="32"  channel="16"
map A ENERGYBACK  detector="1"   gid="32"  channel="17"
map A ENERGYBACK  detector="2"   gid="32"  channel="18
map A ENERGYBACK  detector="3"   gid="32"  channel="19"
map A ENERGYBACK  detector="4"   gid="32"  channel="20"
map A ENERGYBACK  detector="5"   gid="32"  channel="21"
map A ENERGYBACK  detector="6"   gid="32"  channel="22"
map A ENERGYBACK  detector="7"   gid="32"  channel="23"
map A ENERGYBACK  detector="8"   gid="32"  channel="24"
map A ENERGYBACK  detector="9"   gid="32"  channel="25"
map A ENERGYBACK  detector="10"  gid="32"  channel="26"
map A ENERGYBACK  detector="11"  gid="32"  channel="27"
map A ENERGYBACK  detector="12"  gid="32"  channel="28"
map A ENERGYBACK  detector="13"  gid="32"  channel="29"
map A ENERGYBACK  detector="14"  gid="32"  channel="30"
map A ENERGYBACK  detector="15"  gid="32"  channel="31"

map B ENERGYFRONT detector="0"   gid="33"  channel="0"
map B ENERGYFRONT detector="1"   gid="33"  channel="1"
map B ENERGYFRONT detector="2"   gid="33"  channel="2"
map B ENERGYFRONT detector="3"   gid="33"  channel="3"
map B ENERGYFRONT detector="4"   gid="33"  channel="4"
map B ENERGYFRONT detector="5"   gid="33"  channel="5"
map B ENERGYFRONT detector="6"   gid="33"  channel="6"
map B ENERGYFRONT detector="7"   gid="33"  channel="7"
map B ENERGYFRONT detector="8"   gid="33"  channel="8"
map B ENERGYFRONT detector="9"   gid="33"  channel="9"
map B ENERGYFRONT detector="10"  gid="33"  channel="10"
map B ENERGYFRONT detector="11"  gid="33"  channel="11"
map B ENERGYFRONT detector="12"  gid="33"  channel="12"
map B ENERGYFRONT detector="13"  gid="33"  channel="13"
map B ENERGYFRONT detector="14"  gid="33"  channel="14"
map B ENERGYFRONT detector="15"  gid="33"  channel="15"
map B ENERGYBACK  detector="0"   gid="33"  channel="16"
map B ENERGYBACK  detector="1"   gid="33"  channel="17"
map B ENERGYBACK  detector="2"   gid="33"  channel="18
map B ENERGYBACK  detector="3"   gid="33"  channel="19"
map B ENERGYBACK  detector="4"   gid="33"  channel="20"
map B ENERGYBACK  detector="5"   gid="33"  channel="21"
map B ENERGYBACK  detector="6"   gid="33"  channel="22"
map B ENERGYBACK  detector="7"   gid="33"  channel="23"
map B ENERGYBACK  detector="8"   gid="33"  channel="24"
map B ENERGYBACK  detector="9"   gid="33"  channel="25"
map B ENERGYBACK  detector="10"  gid="33"  channel="26"
map B ENERGYBACK  detector="11"  gid="33"  channel="27"
map B ENERGYBACK  detector="12"  gid="33"  channel="28"
map B ENERGYBACK  detector="13"  gid="33"  channel="29"
map B ENERGYBACK  detector="14"  gid="33"  channel="30"
map B ENERGYBACK  detector="15"  gid="33"  channel="31"

map C ENERGYFRONT detector="0"   gid="34"  channel="0"
map C ENERGYFRONT detector="1"   gid="34"  channel="1"
map C ENERGYFRONT detector="2"   gid="34"  channel="2"
map C ENERGYFRONT detector="3"   gid="34"  channel="3"
map C ENERGYFRONT detector="4"   gid="34"  channel="4"
map C ENERGYFRONT detector="5"   gid="34"  channel="5"
map C ENERGYFRONT detector="6"   gid="34"  channel="6"
map C ENERGYFRONT detector="7"   gid="34"  channel="7"
map C ENERGYFRONT detector="8"   gid="34"  channel="8"
map C ENERGYFRONT detector="9"   gid="34"  channel="9"
map C ENERGYFRONT detector="10"  gid="34"  channel="10"
map C ENERGYFRONT detector="11"  gid="34"  channel="11"
map C ENERGYFRONT detector="12"  gid="34"  channel="12"
map C ENERGYFRONT detector="13"  gid="34"  channel="13"
map C ENERGYFRONT detector="14"  gid="34"  channel="14"
map C ENERGYFRONT detector="15"  gid="34"  channel="15"
map C ENERGYBACK  detector="0"   gid="34"  channel="16"
map C ENERGYBACK  detector="1"   gid="34"  channel="17"
map C ENERGYBACK  detector="2"   gid="34"  channel="18
map C ENERGYBACK  detector="3"   gid="34"  channel="19"
map C ENERGYBACK  detector="4"   gid="34"  channel="20"
map C ENERGYBACK  detector="5"   gid="34"  channel="21"
map C ENERGYBACK  detector="6"   gid="34"  channel="22"
map C ENERGYBACK  detector="7"   gid="34"  channel="23"
map C ENERGYBACK  detector="8"   gid="34"  channel="24"
map C ENERGYBACK  detector="9"   gid="34"  channel="25"
map C ENERGYBACK  detector="10"  gid="34"  channel="26"
map C ENERGYBACK  detector="11"  gid="34"  channel="27"
map C ENERGYBACK  detector="12"  gid="34"  channel="28"
map C ENERGYBACK  detector="13"  gid="34"  channel="29"
map C ENERGYBACK  detector="14"  gid="34"  channel="30"
map C ENERGYBACK  detector="15"  gid="34"  channel="31"

map D ENERGYFRONT detector="0"   gid="35"  channel="0"
map D ENERGYFRONT detector="1"   gid="35"  channel="1"
map D ENERGYFRONT detector="2"   gid="35"  channel="2"
map D ENERGYFRONT detector="3"   gid="35"  channel="3"
map D ENERGYFRONT detector="4"   gid="35"  channel="4"
map D ENERGYFRONT detector="5"   gid="35"  channel="5"
map D ENERGYFRONT detector="6"   gid="35"  channel="6"
map D ENERGYFRONT detector="7"   gid="35"  channel="7"
map D ENERGYFRONT detector="8"   gid="35"  channel="8"
map D ENERGYFRONT detector="9"   gid="35"  channel="9"
map D ENERGYFRONT detector="10"  gid="35"  channel="10"
map D ENERGYFRONT detector="11"  gid="35"  channel="11"
map D ENERGYFRONT detector="12"  gid="35"  channel="12"
map D ENERGYFRONT detector="13"  gid="35"  channel="13"
map D ENERGYFRONT detector="14"  gid="35"  channel="14"
map D ENERGYFRONT detector="15"  gid="35"  channel="15"
map D ENERGYBACK  detector="0"   gid="35"  channel="16"
map D ENERGYBACK  detector="1"   gid="35"  channel="17"
map D ENERGYBACK  detector="2"   gid="35"  channel="18
map D ENERGYBACK  detector="3"   gid="35"  channel="19"
map D ENERGYBACK  detector="4"   gid="35"  channel="20"
map D ENERGYBACK  detector="5"   gid="35"  channel="21"
map D ENERGYBACK  detector="6"   gid="35"  channel="22"
map D ENERGYBACK  detector="7"   gid="35"  channel="23"
map D ENERGYBACK  detector="8"   gid="35"  channel="24"
map D ENERGYBACK  detector="9"   gid="35"  channel="25"
map D ENERGYBACK  detector="10"  gid="35"  channel="26"
map D ENERGYBACK  detector="11"  gid="35"  channel="27"
map D ENERGYBACK  detector="12"  gid="35"  channel="28"
map D ENERGYBACK  detector="13"  gid="35"  channel="29"
map D ENERGYBACK  detector="14"  gid="35"  channel="30"
map D ENERGYBACK  detector="15"  gid="35"  channel="31"

map E ENERGYFRONT detector="0"   gid="36"  channel="0"
map E ENERGYFRONT detector="1"   gid="36"  channel="1"
map E ENERGYFRONT detector="2"   gid="36"  channel="2"
map E ENERGYFRONT detector="3"   gid="36"  channel="3"
map E ENERGYFRONT detector="4"   gid="36"  channel="4"
map E ENERGYFRONT detector="5"   gid="36"  channel="5"
map E ENERGYFRONT detector="6"   gid="36"  channel="6"
map E ENERGYFRONT detector="7"   gid="36"  channel="7"
map E ENERGYFRONT detector="8"   gid="36"  channel="8"
map E ENERGYFRONT detector="9"   gid="36"  channel="9"
map E ENERGYFRONT detector="10"  gid="36"  channel="10"
map E ENERGYFRONT detector="11"  gid="36"  channel="11"
map E ENERGYFRONT detector="12"  gid="36"  channel="12"
map E ENERGYFRONT detector="13"  gid="36"  channel="13"
map E ENERGYFRONT detector="14"  gid="36"  channel="14"
map E ENERGYFRONT detector="15"  gid="36"  channel="15"
map E ENERGYBACK  detector="0"   gid="36"  channel="16"
map E ENERGYBACK  detector="1"   gid="36"  channel="17"
map E ENERGYBACK  detector="2"   gid="36"  channel="18
map E ENERGYBACK  detector="3"   gid="36"  channel="19"
map E ENERGYBACK  detector="4"   gid="36"  channel="20"
map E ENERGYBACK  detector="5"   gid="36"  channel="21"
map E ENERGYBACK  detector="6"   gid="36"  channel="22"
map E ENERGYBACK  detector="7"   gid="36"  channel="23"
map E ENERGYBACK  detector="8"   gid="36"  channel="24"
map E ENERGYBACK  detector="9"   gid="36"  channel="25"
map E ENERGYBACK  detector="10"  gid="36"  channel="26"
map E ENERGYBACK  detector="11"  gid="36"  channel="27"
map E ENERGYBACK  detector="12"  gid="36"  channel="28"
map E ENERGYBACK  detector="13"  gid="36"  channel="29"
map E ENERGYBACK  detector="14"  gid="36"  channel="30"
map E ENERGYBACK  detector="15"  gid="36"  channel="31"

map F ENERGYFRONT detector="0"   gid="37"  channel="0"
map F ENERGYFRONT detector="1"   gid="37"  channel="1"
map F ENERGYFRONT detector="2"   gid="37"  channel="2"
map F ENERGYFRONT detector="3"   gid="37"  channel="3"
map F ENERGYFRONT detector="4"   gid="37"  channel="4"
map F ENERGYFRONT detector="5"   gid="37"  channel="5"
map F ENERGYFRONT detector="6"   gid="37"  channel="6"
map F ENERGYFRONT detector="7"   gid="37"  channel="7"
map F ENERGYFRONT detector="8"   gid="37"  channel="8"
map F ENERGYFRONT detector="9"   gid="37"  channel="9"
map F ENERGYFRONT detector="10"  gid="37"  channel="10"
map F ENERGYFRONT detector="11"  gid="37"  channel="11"
map F ENERGYFRONT detector="12"  gid="37"  channel="12"
map F ENERGYFRONT detector="13"  gid="37"  channel="13"
map F ENERGYFRONT detector="14"  gid="37"  channel="14"
map F ENERGYFRONT detector="15"  gid="37"  channel="15"
map F ENERGYBACK  detector="0"   gid="37"  channel="16"
map F ENERGYBACK  detector="1"   gid="37"  channel="17"
map F ENERGYBACK  detector="2"   gid="37"  channel="18
map F ENERGYBACK  detector="3"   gid="37"  channel="19"
map F ENERGYBACK  detector="4"   gid="37"  channel="20"
map F ENERGYBACK  detector="5"   gid="37"  channel="21"
map F ENERGYBACK  detector="6"   gid="37"  channel="22"
map F ENERGYBACK  detector="7"   gid="37"  channel="23"
map F ENERGYBACK  detector="8"   gid="37"  channel="24"
map F ENERGYBACK  detector="9"   gid="37"  channel="25"
map F ENERGYBACK  detector="10"  gid="37"  channel="26"
map F ENERGYBACK  detector="11"  gid="37"  channel="27"
map F ENERGYBACK  detector="12"  gid="37"  channel="28"
map F ENERGYBACK  detector="13"  gid="37"  channel="29"
map F ENERGYBACK  detector="14"  gid="37"  channel="30"
map F ENERGYBACK  detector="15"  gid="37"  channel="31"

map pad_A ENERGY detector="0" gid="38" channel="1"
map pad_B ENERGY detector="0" gid="38" channel="5"
map pad_C ENERGY detector="0" gid="38" channel="9"
map pad_D ENERGY detector="0" gid="38" channel="17"
map pad_E ENERGY detector="0" gid="38" channel="21"
map pad_F ENERGY detector="0" gid="38" channel="25"

map triggers TAC detector="0" gid="39" channel="8"
