** Mapping for experiment 20Ne+4He at INFN-LNL (2016) **
** Written by Daniele Dell'Aquila (daniele.dellaquila@irb.hr)
** Short guide *****************************************************************
**** To define a new detector: define detector DetType "name" options
**** To map a single detector channel to a given gid channel: map DetName ChName detector="SingleDetName" gid="gidnumber" channel="ch"
**
** Possible DetType values: DSSSD, LampWedge
** possible options are specified below for each possible detector
** Examples: *************************************
** define detector DSSSD "T1" NumStrips
** define detector SSSSD "T2" NumStrips
** define detector LampWedge "W1" NumStrips
**************************************************
**
** Possible values of ChName for each detector:
** DSSSD: ENERGYFRONT ENERGYBACK TIMEFRONT TIMEBACK
** SSSSD: ENERGY TIME
** LampWedge: ENERGY TIME
********************************************************************************

** detectors definition
define detector DSSSD "T1" 16
define detector DSSSD "T2" 16
define detector DSSSD "T3" 16
define detector DSSSD "T4" 16
define detector DSSSD "T5" 16
define detector DSSSD "T6" 16
define detector DSSSD "T7" 16
define detector DSSSD "T8" 16
define detector SSSSD "DE" 16

** detector mapping for T1
map T1 ENERGYFRONT detector="0"   gid="10"  channel="0"
map T1 ENERGYFRONT detector="1"   gid="10"  channel="1"
map T1 ENERGYFRONT detector="2"   gid="10"  channel="2"
map T1 ENERGYFRONT detector="3"   gid="10"  channel="3"
map T1 ENERGYFRONT detector="4"   gid="10"  channel="4"
map T1 ENERGYFRONT detector="5"   gid="10"  channel="5"
map T1 ENERGYFRONT detector="6"   gid="10"  channel="6"
map T1 ENERGYFRONT detector="7"   gid="10"  channel="7"
map T1 ENERGYFRONT detector="8"   gid="10"  channel="8"
map T1 ENERGYFRONT detector="9"   gid="10"  channel="9"
map T1 ENERGYFRONT detector="10"  gid="10"  channel="10"
map T1 ENERGYFRONT detector="11"  gid="10"  channel="11"
map T1 ENERGYFRONT detector="12"  gid="10"  channel="12"
map T1 ENERGYFRONT detector="13"  gid="10"  channel="13"
map T1 ENERGYFRONT detector="14"  gid="10"  channel="14"
map T1 ENERGYFRONT detector="15"  gid="10"  channel="15"
map T1 ENERGYBACK detector="0"   gid="2"  channel="0"
map T1 ENERGYBACK detector="1"   gid="2"  channel="1"
map T1 ENERGYBACK detector="2"   gid="2"  channel="2"
map T1 ENERGYBACK detector="3"   gid="2"  channel="3"
map T1 ENERGYBACK detector="4"   gid="2"  channel="4"
map T1 ENERGYBACK detector="5"   gid="2"  channel="5"
map T1 ENERGYBACK detector="6"   gid="2"  channel="6"
map T1 ENERGYBACK detector="7"   gid="2"  channel="7"
map T1 ENERGYBACK detector="8"   gid="2"  channel="8"
map T1 ENERGYBACK detector="9"   gid="2"  channel="9"
map T1 ENERGYBACK detector="10"  gid="2"  channel="10"
map T1 ENERGYBACK detector="11"  gid="2"  channel="11"
map T1 ENERGYBACK detector="12"  gid="2"  channel="12"
map T1 ENERGYBACK detector="13"  gid="2"  channel="13"
map T1 ENERGYBACK detector="14"  gid="2"  channel="14"
map T1 ENERGYBACK detector="15"  gid="2"  channel="15"

** detector mapping for T2
map T2 ENERGYFRONT detector="0"   gid="2"  channel="16"
map T2 ENERGYFRONT detector="1"   gid="2"  channel="17"
map T2 ENERGYFRONT detector="2"   gid="2"  channel="18"
map T2 ENERGYFRONT detector="3"   gid="2"  channel="19"
map T2 ENERGYFRONT detector="4"   gid="2"  channel="20"
map T2 ENERGYFRONT detector="5"   gid="2"  channel="21"
map T2 ENERGYFRONT detector="6"   gid="2"  channel="22"
map T2 ENERGYFRONT detector="7"   gid="2"  channel="23"
map T2 ENERGYFRONT detector="8"   gid="2"  channel="24"
map T2 ENERGYFRONT detector="9"   gid="2"  channel="25"
map T2 ENERGYFRONT detector="10"  gid="2"  channel="26"
map T2 ENERGYFRONT detector="11"  gid="2"  channel="27"
map T2 ENERGYFRONT detector="12"  gid="2"  channel="28"
map T2 ENERGYFRONT detector="13"  gid="2"  channel="29"
map T2 ENERGYFRONT detector="14"  gid="2"  channel="30"
map T2 ENERGYFRONT detector="15"  gid="2"  channel="31"
map T2 ENERGYBACK detector="0"   gid="3"  channel="0"
map T2 ENERGYBACK detector="1"   gid="3"  channel="1"
map T2 ENERGYBACK detector="2"   gid="3"  channel="2"
map T2 ENERGYBACK detector="3"   gid="3"  channel="3"
map T2 ENERGYBACK detector="4"   gid="3"  channel="4"
map T2 ENERGYBACK detector="5"   gid="3"  channel="5"
map T2 ENERGYBACK detector="6"   gid="3"  channel="6"
map T2 ENERGYBACK detector="7"   gid="3"  channel="7"
map T2 ENERGYBACK detector="8"   gid="3"  channel="8"
map T2 ENERGYBACK detector="9"   gid="3"  channel="9"
map T2 ENERGYBACK detector="10"  gid="3"  channel="10"
map T2 ENERGYBACK detector="11"  gid="3"  channel="11"
map T2 ENERGYBACK detector="12"  gid="3"  channel="12"
map T2 ENERGYBACK detector="13"  gid="3"  channel="13"
map T2 ENERGYBACK detector="14"  gid="3"  channel="14"
map T2 ENERGYBACK detector="15"  gid="3"  channel="15"

** detector mapping for T3
map T3 ENERGYFRONT detector="0"   gid="3"  channel="16"
map T3 ENERGYFRONT detector="1"   gid="3"  channel="17"
map T3 ENERGYFRONT detector="2"   gid="3"  channel="18"
map T3 ENERGYFRONT detector="3"   gid="3"  channel="19"
map T3 ENERGYFRONT detector="4"   gid="3"  channel="20"
map T3 ENERGYFRONT detector="5"   gid="3"  channel="21"
map T3 ENERGYFRONT detector="6"   gid="3"  channel="22"
map T3 ENERGYFRONT detector="7"   gid="3"  channel="23"
map T3 ENERGYFRONT detector="8"   gid="3"  channel="24"
map T3 ENERGYFRONT detector="9"   gid="3"  channel="25"
map T3 ENERGYFRONT detector="10"  gid="3"  channel="26"
map T3 ENERGYFRONT detector="11"  gid="3"  channel="27"
map T3 ENERGYFRONT detector="12"  gid="3"  channel="28"
map T3 ENERGYFRONT detector="13"  gid="3"  channel="29"
map T3 ENERGYFRONT detector="14"  gid="3"  channel="30"
map T3 ENERGYFRONT detector="15"  gid="3"  channel="31"
map T3 ENERGYBACK detector="0"   gid="4"  channel="0"
map T3 ENERGYBACK detector="1"   gid="4"  channel="1"
map T3 ENERGYBACK detector="2"   gid="4"  channel="2"
map T3 ENERGYBACK detector="3"   gid="4"  channel="3"
map T3 ENERGYBACK detector="4"   gid="4"  channel="4"
map T3 ENERGYBACK detector="5"   gid="4"  channel="5"
map T3 ENERGYBACK detector="6"   gid="4"  channel="6"
map T3 ENERGYBACK detector="7"   gid="4"  channel="7"
map T3 ENERGYBACK detector="8"   gid="4"  channel="8"
map T3 ENERGYBACK detector="9"   gid="4"  channel="9"
map T3 ENERGYBACK detector="10"  gid="4"  channel="10"
map T3 ENERGYBACK detector="11"  gid="4"  channel="11"
map T3 ENERGYBACK detector="12"  gid="4"  channel="12"
map T3 ENERGYBACK detector="13"  gid="4"  channel="13"
map T3 ENERGYBACK detector="14"  gid="4"  channel="14"
map T3 ENERGYBACK detector="15"  gid="4"  channel="15"

** detector mapping for T4
map T4 ENERGYFRONT detector="0"   gid="4"  channel="16"
map T4 ENERGYFRONT detector="1"   gid="4"  channel="17"
map T4 ENERGYFRONT detector="2"   gid="4"  channel="18"
map T4 ENERGYFRONT detector="3"   gid="4"  channel="19"
map T4 ENERGYFRONT detector="4"   gid="4"  channel="20"
map T4 ENERGYFRONT detector="5"   gid="4"  channel="21"
map T4 ENERGYFRONT detector="6"   gid="4"  channel="22"
map T4 ENERGYFRONT detector="7"   gid="4"  channel="23"
map T4 ENERGYFRONT detector="8"   gid="4"  channel="24"
map T4 ENERGYFRONT detector="9"   gid="4"  channel="25"
map T4 ENERGYFRONT detector="10"  gid="4"  channel="26"
map T4 ENERGYFRONT detector="11"  gid="4"  channel="27"
map T4 ENERGYFRONT detector="12"  gid="4"  channel="28"
map T4 ENERGYFRONT detector="13"  gid="4"  channel="29"
map T4 ENERGYFRONT detector="14"  gid="4"  channel="30"
map T4 ENERGYFRONT detector="15"  gid="4"  channel="31"
map T4 ENERGYBACK detector="0"   gid="5"  channel="0"
map T4 ENERGYBACK detector="1"   gid="5"  channel="1"
map T4 ENERGYBACK detector="2"   gid="5"  channel="2"
map T4 ENERGYBACK detector="3"   gid="5"  channel="3"
map T4 ENERGYBACK detector="4"   gid="5"  channel="4"
map T4 ENERGYBACK detector="5"   gid="5"  channel="5"
map T4 ENERGYBACK detector="6"   gid="5"  channel="6"
map T4 ENERGYBACK detector="7"   gid="5"  channel="7"
map T4 ENERGYBACK detector="8"   gid="5"  channel="8"
map T4 ENERGYBACK detector="9"   gid="5"  channel="9"
map T4 ENERGYBACK detector="10"  gid="5"  channel="10"
map T4 ENERGYBACK detector="11"  gid="5"  channel="11"
map T4 ENERGYBACK detector="12"  gid="5"  channel="12"
map T4 ENERGYBACK detector="13"  gid="5"  channel="13"
map T4 ENERGYBACK detector="14"  gid="5"  channel="14"
map T4 ENERGYBACK detector="15"  gid="5"  channel="15"

** detector mapping for T5
map T5 ENERGYFRONT detector="0"   gid="5"  channel="16"
map T5 ENERGYFRONT detector="1"   gid="5"  channel="17"
map T5 ENERGYFRONT detector="2"   gid="5"  channel="18"
map T5 ENERGYFRONT detector="3"   gid="5"  channel="19"
map T5 ENERGYFRONT detector="4"   gid="5"  channel="20"
map T5 ENERGYFRONT detector="5"   gid="5"  channel="21"
map T5 ENERGYFRONT detector="6"   gid="5"  channel="22"
map T5 ENERGYFRONT detector="7"   gid="5"  channel="23"
map T5 ENERGYFRONT detector="8"   gid="5"  channel="24"
map T5 ENERGYFRONT detector="9"   gid="5"  channel="25"
map T5 ENERGYFRONT detector="10"  gid="5"  channel="26"
map T5 ENERGYFRONT detector="11"  gid="5"  channel="27"
map T5 ENERGYFRONT detector="12"  gid="5"  channel="28"
map T5 ENERGYFRONT detector="13"  gid="5"  channel="29"
map T5 ENERGYFRONT detector="14"  gid="5"  channel="30"
map T5 ENERGYFRONT detector="15"  gid="5"  channel="31"
map T5 ENERGYBACK detector="0"   gid="6"  channel="16"
map T5 ENERGYBACK detector="1"   gid="6"  channel="17"
map T5 ENERGYBACK detector="2"   gid="6"  channel="18"
map T5 ENERGYBACK detector="3"   gid="6"  channel="19"
map T5 ENERGYBACK detector="4"   gid="6"  channel="20"
map T5 ENERGYBACK detector="5"   gid="6"  channel="21"
map T5 ENERGYBACK detector="6"   gid="6"  channel="22"
map T5 ENERGYBACK detector="7"   gid="6"  channel="23"
map T5 ENERGYBACK detector="8"   gid="6"  channel="24"
map T5 ENERGYBACK detector="9"   gid="6"  channel="25"
map T5 ENERGYBACK detector="10"  gid="6"  channel="26"
map T5 ENERGYBACK detector="11"  gid="6"  channel="27"
map T5 ENERGYBACK detector="12"  gid="6"  channel="28"
map T5 ENERGYBACK detector="13"  gid="6"  channel="29"
map T5 ENERGYBACK detector="14"  gid="6"  channel="30"
map T5 ENERGYBACK detector="15"  gid="6"  channel="31"

** detector mapping for T6
map T6 ENERGYFRONT detector="0"   gid="7"  channel="0"
map T6 ENERGYFRONT detector="1"   gid="7"  channel="1"
map T6 ENERGYFRONT detector="2"   gid="7"  channel="2"
map T6 ENERGYFRONT detector="3"   gid="7"  channel="3"
map T6 ENERGYFRONT detector="4"   gid="7"  channel="4"
map T6 ENERGYFRONT detector="5"   gid="7"  channel="5"
map T6 ENERGYFRONT detector="6"   gid="7"  channel="6"
map T6 ENERGYFRONT detector="7"   gid="7"  channel="7"
map T6 ENERGYFRONT detector="8"   gid="7"  channel="8"
map T6 ENERGYFRONT detector="9"   gid="7"  channel="9"
map T6 ENERGYFRONT detector="10"  gid="7"  channel="10"
map T6 ENERGYFRONT detector="11"  gid="7"  channel="11"
map T6 ENERGYFRONT detector="12"  gid="7"  channel="12"
map T6 ENERGYFRONT detector="13"  gid="7"  channel="13"
map T6 ENERGYFRONT detector="14"  gid="7"  channel="14"
map T6 ENERGYFRONT detector="15"  gid="7"  channel="15"
map T6 ENERGYBACK detector="0"   gid="7"  channel="16"
map T6 ENERGYBACK detector="1"   gid="7"  channel="17"
map T6 ENERGYBACK detector="2"   gid="7"  channel="18"
map T6 ENERGYBACK detector="3"   gid="7"  channel="19"
map T6 ENERGYBACK detector="4"   gid="7"  channel="20"
map T6 ENERGYBACK detector="5"   gid="7"  channel="21"
map T6 ENERGYBACK detector="6"   gid="7"  channel="22"
map T6 ENERGYBACK detector="7"   gid="7"  channel="23"
map T6 ENERGYBACK detector="8"   gid="7"  channel="24"
map T6 ENERGYBACK detector="9"   gid="7"  channel="25"
map T6 ENERGYBACK detector="10"  gid="7"  channel="26"
map T6 ENERGYBACK detector="11"  gid="7"  channel="27"
map T6 ENERGYBACK detector="12"  gid="7"  channel="28"
map T6 ENERGYBACK detector="13"  gid="7"  channel="29"
map T6 ENERGYBACK detector="14"  gid="7"  channel="30"
map T6 ENERGYBACK detector="15"  gid="7"  channel="31"

** detector mapping for T7
map T7 ENERGYFRONT detector="0"   gid="8"  channel="0"
map T7 ENERGYFRONT detector="1"   gid="8"  channel="1"
map T7 ENERGYFRONT detector="2"   gid="8"  channel="2"
map T7 ENERGYFRONT detector="3"   gid="8"  channel="3"
map T7 ENERGYFRONT detector="4"   gid="8"  channel="4"
map T7 ENERGYFRONT detector="5"   gid="8"  channel="5"
map T7 ENERGYFRONT detector="6"   gid="8"  channel="6"
map T7 ENERGYFRONT detector="7"   gid="8"  channel="7"
map T7 ENERGYFRONT detector="8"   gid="8"  channel="8"
map T7 ENERGYFRONT detector="9"   gid="8"  channel="9"
map T7 ENERGYFRONT detector="10"  gid="8"  channel="10"
map T7 ENERGYFRONT detector="11"  gid="8"  channel="11"
map T7 ENERGYFRONT detector="12"  gid="8"  channel="12"
map T7 ENERGYFRONT detector="13"  gid="8"  channel="13"
map T7 ENERGYFRONT detector="14"  gid="8"  channel="14"
map T7 ENERGYFRONT detector="15"  gid="8"  channel="15"
map T7 ENERGYBACK detector="0"   gid="8"  channel="16"
map T7 ENERGYBACK detector="1"   gid="8"  channel="17"
map T7 ENERGYBACK detector="2"   gid="8"  channel="18"
map T7 ENERGYBACK detector="3"   gid="8"  channel="19"
map T7 ENERGYBACK detector="4"   gid="8"  channel="20"
map T7 ENERGYBACK detector="5"   gid="8"  channel="21"
map T7 ENERGYBACK detector="6"   gid="8"  channel="22"
map T7 ENERGYBACK detector="7"   gid="8"  channel="23"
map T7 ENERGYBACK detector="8"   gid="8"  channel="24"
map T7 ENERGYBACK detector="9"   gid="8"  channel="25"
map T7 ENERGYBACK detector="10"  gid="8"  channel="26"
map T7 ENERGYBACK detector="11"  gid="8"  channel="27"
map T7 ENERGYBACK detector="12"  gid="8"  channel="28"
map T7 ENERGYBACK detector="13"  gid="8"  channel="29"
map T7 ENERGYBACK detector="14"  gid="8"  channel="30"
map T7 ENERGYBACK detector="15"  gid="8"  channel="31"

** detector mapping for T8
map T8 ENERGYFRONT detector="0"   gid="9"  channel="0"
map T8 ENERGYFRONT detector="1"   gid="9"  channel="1"
map T8 ENERGYFRONT detector="2"   gid="9"  channel="2"
map T8 ENERGYFRONT detector="3"   gid="9"  channel="3"
map T8 ENERGYFRONT detector="4"   gid="9"  channel="4"
map T8 ENERGYFRONT detector="5"   gid="9"  channel="5"
map T8 ENERGYFRONT detector="6"   gid="9"  channel="6"
map T8 ENERGYFRONT detector="7"   gid="9"  channel="7"
map T8 ENERGYFRONT detector="8"   gid="9"  channel="8"
map T8 ENERGYFRONT detector="9"   gid="9"  channel="9"
map T8 ENERGYFRONT detector="10"  gid="9"  channel="10"
map T8 ENERGYFRONT detector="11"  gid="9"  channel="11"
map T8 ENERGYFRONT detector="12"  gid="9"  channel="12"
map T8 ENERGYFRONT detector="13"  gid="9"  channel="13"
map T8 ENERGYFRONT detector="14"  gid="9"  channel="14"
map T8 ENERGYFRONT detector="15"  gid="9"  channel="15"
map T8 ENERGYBACK detector="0"   gid="9"  channel="16"
map T8 ENERGYBACK detector="1"   gid="9"  channel="17"
map T8 ENERGYBACK detector="2"   gid="9"  channel="18"
map T8 ENERGYBACK detector="3"   gid="9"  channel="19"
map T8 ENERGYBACK detector="4"   gid="9"  channel="20"
map T8 ENERGYBACK detector="5"   gid="9"  channel="21"
map T8 ENERGYBACK detector="6"   gid="9"  channel="22"
map T8 ENERGYBACK detector="7"   gid="9"  channel="23"
map T8 ENERGYBACK detector="8"   gid="9"  channel="24"
map T8 ENERGYBACK detector="9"   gid="9"  channel="25"
map T8 ENERGYBACK detector="10"  gid="9"  channel="26"
map T8 ENERGYBACK detector="11"  gid="9"  channel="27"
map T8 ENERGYBACK detector="12"  gid="9"  channel="28"
map T8 ENERGYBACK detector="13"  gid="9"  channel="29"
map T8 ENERGYBACK detector="14"  gid="9"  channel="30"
map T8 ENERGYBACK detector="15"  gid="9"  channel="31"

** detector mapping for DE
map DE ENERGY detector="0"  gid="10" channel="16"
map DE ENERGY detector="1"  gid="10" channel="17"
map DE ENERGY detector="2"  gid="10" channel="18"
map DE ENERGY detector="3"  gid="10" channel="19"
map DE ENERGY detector="4"  gid="10" channel="20"
map DE ENERGY detector="5"  gid="10" channel="21"
map DE ENERGY detector="6"  gid="10" channel="22"
map DE ENERGY detector="7"  gid="10" channel="23"
map DE ENERGY detector="8"  gid="10" channel="24"
map DE ENERGY detector="9"  gid="10" channel="25"
map DE ENERGY detector="10" gid="10" channel="26"
map DE ENERGY detector="11" gid="10" channel="27"
map DE ENERGY detector="12" gid="10" channel="28"
map DE ENERGY detector="13" gid="10" channel="29"
map DE ENERGY detector="14" gid="10" channel="30"
map DE ENERGY detector="15" gid="10" channel="31"
